// Jest Snapshot v1, https://goo.gl/fbAQLP

exports[`commands should match commands 1`] = `
Object {
  "commit": [Function],
  "config": [Function],
  "createHook": [Function],
  "list": [Function],
  "removeHook": [Function],
  "search": [Function],
  "update": [Function],
}
`;
