// Jest Snapshot v1, https://goo.gl/fbAQLP

exports[`config command guard should match guard 1`] = `
{
  "url": [Function],
}
`;
