// Jest Snapshot v1, https://goo.gl/fbAQLP

exports[`hook command should match hook configuration 1`] = `
Object {
  "CONTENTS": "#!/bin/sh
# gitmoji as a commit hook
commit_message_empty=true
while read -r line
do
  case \\"$line\\" in
  \\"# ------------------------ >8 ------------------------\\"*)
    break
    ;;
  \\"\\"|\\"#\\"*)
    # skip
    ;;
  *)
    commit_message_empty=false
    break
    ;;
  esac
done < \\"$1\\"
if test -t 1 && $commit_message_empty; then
  # it has been invoked from a tty and no commit message is already set
  exec < /dev/tty
  gitmoji --hook \\"$1\\"
fi",
  "PATH": "/hooks/prepare-commit-msg",
  "PERMISSIONS": 509,
}
`;

exports[`hook command should match hook module export 1`] = `
Object {
  "create": [Function],
  "remove": [Function],
}
`;
