// Jest Snapshot v1, https://goo.gl/fbAQLP

exports[`index should match the module 1`] = `
{
  "getAutoAdd": [Function],
  "getCapitalizeTitle": [Function],
  "getEmojiFormat": [Function],
  "getGitmojisUrl": [Function],
  "getMessagePrompt": [Function],
  "getScopePrompt": [Function],
  "setAutoAdd": [Function],
  "setCapitalizeTitle": [Function],
  "setEmojiFormat": [Function],
  "setGitmojisUrl": [Function],
  "setMessagePrompt": [Function],
  "setScopePrompt": [Function],
}
`;
