// Jest Snapshot v1, https://goo.gl/fbAQLP

exports[`configurationVault should match the module 1`] = `
Object {
  "getAutoAdd": [Function],
  "getEmojiFormat": [Function],
  "getScopePrompt": [Function],
  "getSignedCommit": [Function],
  "setAutoAdd": [Function],
  "setEmojiFormat": [Function],
  "setScopePrompt": [Function],
  "setSignedCommit": [Function],
}
`;
