// Jest Snapshot v1, https://goo.gl/fbAQLP

exports[`filterGitmojis should match a list of filteredGitmojis 1`] = `
[
  {
    "code": ":bug:",
    "description": "Fixing a bug.",
    "emoji": "🐛",
    "name": "bug",
  },
  {
    "code": ":busts_in_silhouette:",
    "description": "Adding contributor(s).",
    "emoji": "👥",
    "name": "busts-in-silhouette",
  },
  {
    "code": ":bulb:",
    "description": "Documenting source code.",
    "emoji": "💡",
    "name": "bulb",
  },
  {
    "code": ":building_construction:",
    "description": "Making architectural changes.",
    "emoji": "🏗",
    "name": "building-construction",
  },
  {
    "code": ":ambulance:",
    "description": "Critical hotfix.",
    "emoji": "🚑",
    "name": "ambulance",
  },
  {
    "code": ":green_heart:",
    "description": "Fixing CI Build.",
    "emoji": "💚",
    "name": "green-heart",
  },
  {
    "code": ":construction_worker:",
    "description": "Adding CI build system.",
    "emoji": "👷",
    "name": "construction-worker",
  },
]
`;
