// Jest Snapshot v1, https://goo.gl/fbAQLP

exports[`filterScopes should match a list of filteredScopes 1`] = `
[
  "packages",
  "packages/ui",
  "packages/shared",
]
`;
