// Jest Snapshot v1, https://goo.gl/fbAQLP

exports[`cli should match meow with cli information 1`] = `
Array [
  Array [
    "
  Usage
    $ gitmoji
  Options
    --commit, -c    Interactively commit using the prompts
    --config, -g    Setup gitmoji-cli preferences.
    --init, -i      Initialize gitmoji as a commit hook
    --list, -l      List all the available gitmojis
    --remove, -r    Remove a previously initialized commit hook
    --search, -s    Search gitmojis
    --update, -u    Sync emoji list with the repo
    --version, -v   Print gitmoji-cli installed version
  Examples
    $ gitmoji -l
    $ gitmoji bug linter -s
",
    Object {
      "flags": Object {
        "commit": Object {
          "alias": "c",
          "type": "boolean",
        },
        "config": Object {
          "alias": "g",
          "type": "boolean",
        },
        "help": Object {
          "alias": "h",
          "type": "boolean",
        },
        "init": Object {
          "alias": "i",
          "type": "boolean",
        },
        "list": Object {
          "alias": "l",
          "type": "boolean",
        },
        "remove": Object {
          "alias": "r",
          "type": "boolean",
        },
        "search": Object {
          "alias": "s",
          "type": "boolean",
        },
        "update": Object {
          "alias": "u",
          "type": "boolean",
        },
        "version": Object {
          "alias": "v",
          "type": "boolean",
        },
      },
    },
  ],
]
`;
